// Jest Snapshot v1, https://goo.gl/fbAQLP

exports[`CoordinateGrid Snapshot 1`] = `
<div
  className="coordinateGrid"
  data-testid="coordinate-grid"
  onClick={[Function]}
  onContextMenu={[Function]}
  style={
    Object {
      "height": "480px",
      "width": "480px",
    }
  }
/>
`;
