// Jest Snapshot v1, https://goo.gl/fbAQLP

exports[`Piece Snapshot 1`] = `
<div
  className="piece wK"
  data-testid="piece-wK"
/>
`;
